******************************************************************************
                  MSP430 Linker Unix v21.6.1                   
******************************************************************************
>> Linked Wed Apr 24 17:28:14 2024

OUTPUT FILE NAME:   <elec327-final-project.out>
ENTRY POINT SYMBOL: "_c_int00_noargs"  address: 0000c4be


MEMORY CONFIGURATION

         name            origin    length      used     unused   attr    fill
----------------------  --------  ---------  --------  --------  ----  --------
  SFR                   00000000   00000010  00000000  00000010  RWIX
  PERIPHERALS_8BIT      00000010   000000f0  00000000  000000f0  RWIX
  PERIPHERALS_16BIT     00000100   00000100  00000000  00000100  RWIX
  RAM                   00000200   00000200  0000006c  00000194  RWIX
  INFOD                 00001000   00000040  00000000  00000040  RWIX
  INFOC                 00001040   00000040  00000000  00000040  RWIX
  INFOB                 00001080   00000040  00000000  00000040  RWIX
  INFOA                 000010c0   00000040  00000000  00000040  RWIX
  FLASH                 0000c000   00003fde  00000596  00003a48  RWIX
  BSLSIGNATURE          0000ffde   00000002  00000002  00000000  RWIX  ffff 
  INT00                 0000ffe0   00000002  00000002  00000000  RWIX
  INT01                 0000ffe2   00000002  00000000  00000002  RWIX
  INT02                 0000ffe4   00000002  00000002  00000000  RWIX
  INT03                 0000ffe6   00000002  00000002  00000000  RWIX
  INT04                 0000ffe8   00000002  00000000  00000002  RWIX
  INT05                 0000ffea   00000002  00000002  00000000  RWIX
  INT06                 0000ffec   00000002  00000002  00000000  RWIX
  INT07                 0000ffee   00000002  00000002  00000000  RWIX
  INT08                 0000fff0   00000002  00000002  00000000  RWIX
  INT09                 0000fff2   00000002  00000002  00000000  RWIX
  INT10                 0000fff4   00000002  00000002  00000000  RWIX
  INT11                 0000fff6   00000002  00000002  00000000  RWIX
  INT12                 0000fff8   00000002  00000002  00000000  RWIX
  INT13                 0000fffa   00000002  00000002  00000000  RWIX
  INT14                 0000fffc   00000002  00000002  00000000  RWIX
  RESET                 0000fffe   00000002  00000002  00000000  RWIX


SECTION ALLOCATION MAP

 output                                  attributes/
section   page    origin      length       input sections
--------  ----  ----------  ----------   ----------------
.bss       0    00000200    0000000f     UNINITIALIZED
                  00000200    00000002     (.common:chord)
                  00000202    00000002     (.common:mode)
                  00000204    00000002     (.common:note)
                  00000206    00000002     (.common:period1)
                  00000208    00000002     (.common:period2)
                  0000020a    00000002     (.common:period3)
                  0000020c    00000002     (.common:period4)
                  0000020e    00000001     (.common:byteToTransmit)

.data      0    00000210    0000000d     UNINITIALIZED
                  00000210    00000008     main.obj (.data:str)
                  00000218    00000004     main.obj (.data)
                  0000021c    00000001     i2c.obj (.data)

.stack     0    000003b0    00000050     UNINITIALIZED
                  000003b0    00000002     rts430_eabi.lib : boot.c.obj (.stack)
                  000003b2    0000004e     --HOLE--

.text      0    0000c000    00000560     
                  0000c000    000000ea     buzzer.obj (.text:set_chord)
                  0000c0ea    0000007c     rts430_eabi.lib : copy_decompress_lzss.c.obj (.text:decompress:lzss:__TI_decompress_lzss)
                  0000c166    00000078     main.obj (.text:check_buttons)
                  0000c1de    00000076     main.obj (.text:main)
                  0000c254    00000068     main.obj (.text:PORT1_ISR)
                  0000c2bc    0000005c     buzzer.obj (.text:next_note)
                  0000c318    0000004c     rts430_eabi.lib : lsr16.asm.obj (.text)
                  0000c364    00000042                     : autoinit.c.obj (.text:__TI_auto_init_nobinit_nopinit:__TI_auto_init_nobinit_nopinit)
                  0000c3a6    00000030     buzzer.obj (.text:set_note_outs)
                  0000c3d6    0000002e     buzzer.obj (.text:set_mode)
                  0000c404    0000002c     rts430_eabi.lib : lsl16.asm.obj (.text)
                  0000c430    00000026     main.obj (.text:TIMER1_A1_ISR)
                  0000c456    00000026     main.obj (.text:init_buttons)
                  0000c47c    00000022     i2c.obj (.text:USCIAB0TX_ISR)
                  0000c49e    00000020     main.obj (.text:init_pwm)
                  0000c4be    0000001c     rts430_eabi.lib : boot.c.obj (.text:_c_int00_noargs)
                  0000c4da    00000014                     : copy_zero_init.c.obj (.text:decompress:ZI:__TI_zero_init_nomemset:__TI_zero_init_nomemset)
                  0000c4ee    00000012                     : copy_decompress_none.c.obj (.text:decompress:none:__TI_decompress_none)
                  0000c500    00000012                     : memcpy.c.obj (.text:memcpy)
                  0000c512    00000010                     : epilog.asm.obj (.text)
                  0000c522    00000010                     : strcpy.c.obj (.text:strcpy)
                  0000c532    0000000e     main.obj (.text:TIMER1_A0_ISR)
                  0000c540    0000000c     main.obj (.text:TIMER0_A0_ISR)
                  0000c54c    00000008     rts430_eabi.lib : isr_trap.asm.obj (.text:_isr:__TI_ISR_TRAP)
                  0000c554    00000006                     : exit.c.obj (.text:abort)
                  0000c55a    00000004                     : pre_init.c.obj (.text:_system_pre_init)
                  0000c55e    00000002                     : startup.c.obj (.text:_system_post_cinit)

.const     0    0000c560    00000014     
                  0000c560    00000014     main.obj (.const:.string)

.cinit     0    0000c574    00000022     
                  0000c574    0000000f     (.cinit..data.load) [load image, compression = lzss]
                  0000c583    00000001     --HOLE-- [fill = 0]
                  0000c584    00000006     (__TI_handler_table)
                  0000c58a    00000004     (.cinit..bss.load) [load image, compression = zero_init]
                  0000c58e    00000008     (__TI_cinit_table)

.binit     0    0000c000    00000000     

.init_array 
*          0    0000c000    00000000     UNINITIALIZED

TRAPINT    0    0000ffe0    00000002     
                  0000ffe0    00000002     rts430_eabi.lib : int00.asm.obj (.int00)

PORT1      0    0000ffe4    00000002     
                  0000ffe4    00000002     main.obj (.int02)

PORT2      0    0000ffe6    00000002     
                  0000ffe6    00000002     rts430_eabi.lib : int03.asm.obj (.int03)

ADC10      0    0000ffea    00000002     
                  0000ffea    00000002     rts430_eabi.lib : int05.asm.obj (.int05)

USCIAB0TX 
*          0    0000ffec    00000002     
                  0000ffec    00000002     i2c.obj (.int06)

USCIAB0RX 
*          0    0000ffee    00000002     
                  0000ffee    00000002     rts430_eabi.lib : int07.asm.obj (.int07)

TIMER0_A1 
*          0    0000fff0    00000002     
                  0000fff0    00000002     rts430_eabi.lib : int08.asm.obj (.int08)

TIMER0_A0 
*          0    0000fff2    00000002     
                  0000fff2    00000002     main.obj (.int09)

WDT        0    0000fff4    00000002     
                  0000fff4    00000002     rts430_eabi.lib : int10.asm.obj (.int10)

COMPARATORA 
*          0    0000fff6    00000002     
                  0000fff6    00000002     rts430_eabi.lib : int11.asm.obj (.int11)

TIMER1_A1 
*          0    0000fff8    00000002     
                  0000fff8    00000002     main.obj (.int12)

TIMER1_A0 
*          0    0000fffa    00000002     
                  0000fffa    00000002     main.obj (.int13)

NMI        0    0000fffc    00000002     
                  0000fffc    00000002     rts430_eabi.lib : int14.asm.obj (.int14)

.reset     0    0000fffe    00000002     
                  0000fffe    00000002     rts430_eabi.lib : boot.c.obj (.reset)

$fill000   0    0000ffde    00000002     
                  0000ffde    00000002     --HOLE-- [fill = ffff]

MODULE SUMMARY

       Module                       code   ro data   rw data
       ------                       ----   -------   -------
    ./
       main.obj                     476    28        12     
       buzzer.obj                   420    0         14     
       i2c.obj                      34     2         2      
    +--+----------------------------+------+---------+---------+
       Total:                       930    30        28     
                                                            
    /Applications/ti/ccs1260/ccs/tools/compiler/ti-cgt-msp430_21.6.1.LTS/lib/rts430_eabi.lib
       copy_decompress_lzss.c.obj   124    0         0      
       lsr16.asm.obj                76     0         0      
       autoinit.c.obj               66     0         0      
       lsl16.asm.obj                44     0         0      
       boot.c.obj                   28     2         0      
       copy_zero_init.c.obj         20     0         0      
       copy_decompress_none.c.obj   18     0         0      
       memcpy.c.obj                 18     0         0      
       epilog.asm.obj               16     0         0      
       strcpy.c.obj                 16     0         0      
       isr_trap.asm.obj             8      0         0      
       exit.c.obj                   6      0         0      
       pre_init.c.obj               4      0         0      
       int00.asm.obj                0      2         0      
       int03.asm.obj                0      2         0      
       int05.asm.obj                0      2         0      
       int07.asm.obj                0      2         0      
       int08.asm.obj                0      2         0      
       int10.asm.obj                0      2         0      
       int11.asm.obj                0      2         0      
       int14.asm.obj                0      2         0      
       startup.c.obj                2      0         0      
    +--+----------------------------+------+---------+---------+
       Total:                       446    18        0      
                                                            
       Stack:                       0      0         80     
       Linker Generated:            0      33        0      
    +--+----------------------------+------+---------+---------+
       Grand Total:                 1376   81        108    


LINKER GENERATED COPY TABLES

__TI_cinit_table @ 0000c58e records: 2, size/record: 4, table size: 8
	.data: load addr=0000c574, load size=0000000f bytes, run addr=00000210, run size=0000000d bytes, compression=lzss
	.bss: load addr=0000c58a, load size=00000004 bytes, run addr=00000200, run size=0000000f bytes, compression=zero_init


LINKER GENERATED HANDLER TABLE

__TI_handler_table @ 0000c584 records: 3, size/record: 2, table size: 6
	index: 0, handler: __TI_zero_init
	index: 1, handler: __TI_decompress_lzss
	index: 2, handler: __TI_decompress_none


GLOBAL SYMBOLS: SORTED ALPHABETICALLY BY Name 

address   name                          
-------   ----                          
0000004a  ADC10AE0                      
000001b0  ADC10CTL0                     
000001b2  ADC10CTL1                     
00000048  ADC10DTC0                     
00000049  ADC10DTC1                     
000001b4  ADC10MEM                      
000001bc  ADC10SA                       
00000057  BCSCTL1                       
00000058  BCSCTL2                       
00000053  BCSCTL3                       
0000c554  C$$EXIT                       
00000059  CACTL1                        
0000005a  CACTL2                        
000010fb  CALBC1_12MHZ                  
000010f9  CALBC1_16MHZ                  
000010ff  CALBC1_1MHZ                   
000010fd  CALBC1_8MHZ                   
000010fa  CALDCO_12MHZ                  
000010f8  CALDCO_16MHZ                  
000010fe  CALDCO_1MHZ                   
000010fc  CALDCO_8MHZ                   
0000005b  CAPD                          
00000056  DCOCTL                        
00000128  FCTL1                         
0000012a  FCTL2                         
0000012c  FCTL3                         
00000000  IE1                           
00000001  IE2                           
00000002  IFG1                          
00000003  IFG2                          
00000022  P1DIR                         
00000025  P1IE                          
00000024  P1IES                         
00000023  P1IFG                         
00000020  P1IN                          
00000021  P1OUT                         
00000027  P1REN                         
00000026  P1SEL                         
00000041  P1SEL2                        
0000002a  P2DIR                         
0000002d  P2IE                          
0000002c  P2IES                         
0000002b  P2IFG                         
00000028  P2IN                          
00000029  P2OUT                         
0000002f  P2REN                         
0000002e  P2SEL                         
00000042  P2SEL2                        
0000001a  P3DIR                         
00000018  P3IN                          
00000019  P3OUT                         
00000010  P3REN                         
0000001b  P3SEL                         
00000043  P3SEL2                        
0000c254  PORT1_ISR                     
00000172  TA0CCR0                       
00000174  TA0CCR1                       
00000176  TA0CCR2                       
00000162  TA0CCTL0                      
00000164  TA0CCTL1                      
00000166  TA0CCTL2                      
00000160  TA0CTL                        
0000012e  TA0IV                         
00000170  TA0R                          
00000192  TA1CCR0                       
00000194  TA1CCR1                       
00000196  TA1CCR2                       
00000182  TA1CCTL0                      
00000184  TA1CCTL1                      
00000186  TA1CCTL2                      
00000180  TA1CTL                        
0000011e  TA1IV                         
00000190  TA1R                          
0000c540  TIMER0_A0_ISR                 
0000c532  TIMER1_A0_ISR                 
0000c430  TIMER1_A1_ISR                 
000010db  TLV_ADC10_1_LEN               
000010da  TLV_ADC10_1_TAG               
000010c0  TLV_CHECKSUM                  
000010f7  TLV_DCO_30_LEN                
000010f6  TLV_DCO_30_TAG                
0000005d  UCA0ABCTL                     
00000062  UCA0BR0                       
00000063  UCA0BR1                       
00000060  UCA0CTL0                      
00000061  UCA0CTL1                      
0000005f  UCA0IRRCTL                    
0000005e  UCA0IRTCTL                    
00000064  UCA0MCTL                      
00000066  UCA0RXBUF                     
00000065  UCA0STAT                      
00000067  UCA0TXBUF                     
0000006a  UCB0BR0                       
0000006b  UCB0BR1                       
00000068  UCB0CTL0                      
00000069  UCB0CTL1                      
0000006c  UCB0I2CIE                     
00000118  UCB0I2COA                     
0000011a  UCB0I2CSA                     
0000006e  UCB0RXBUF                     
0000006d  UCB0STAT                      
0000006f  UCB0TXBUF                     
0000c47c  USCIAB0TX_ISR                 
00000120  WDTCTL                        
00000400  __STACK_END                   
00000050  __STACK_SIZE                  
0000c58e  __TI_CINIT_Base               
0000c596  __TI_CINIT_Limit              
0000c596  __TI_CINIT_Warm               
0000c584  __TI_Handler_Table_Base       
0000c58a  __TI_Handler_Table_Limit      
0000c54c  __TI_ISR_TRAP                 
0000c364  __TI_auto_init_nobinit_nopinit
0000c0ea  __TI_decompress_lzss          
0000c4ee  __TI_decompress_none          
0000ffe0  __TI_int00                    
0000ffe4  __TI_int02                    
0000ffe6  __TI_int03                    
0000ffea  __TI_int05                    
0000ffec  __TI_int06                    
0000ffee  __TI_int07                    
0000fff0  __TI_int08                    
0000fff2  __TI_int09                    
0000fff4  __TI_int10                    
0000fff6  __TI_int11                    
0000fff8  __TI_int12                    
0000fffa  __TI_int13                    
0000fffc  __TI_int14                    
ffffffff  __TI_pprof_out_hndl           
ffffffff  __TI_prof_data_size           
ffffffff  __TI_prof_data_start          
0000c4da  __TI_zero_init_nomemset       
ffffffff  __c_args__                    
0000c51e  __mspabi_func_epilog_1        
0000c51c  __mspabi_func_epilog_2        
0000c51a  __mspabi_func_epilog_3        
0000c518  __mspabi_func_epilog_4        
0000c516  __mspabi_func_epilog_5        
0000c514  __mspabi_func_epilog_6        
0000c512  __mspabi_func_epilog_7        
0000c404  __mspabi_slli                 
0000c42c  __mspabi_slli_1               
0000c41a  __mspabi_slli_10              
0000c418  __mspabi_slli_11              
0000c416  __mspabi_slli_12              
0000c414  __mspabi_slli_13              
0000c412  __mspabi_slli_14              
0000c410  __mspabi_slli_15              
0000c42a  __mspabi_slli_2               
0000c428  __mspabi_slli_3               
0000c426  __mspabi_slli_4               
0000c424  __mspabi_slli_5               
0000c422  __mspabi_slli_6               
0000c420  __mspabi_slli_7               
0000c41e  __mspabi_slli_8               
0000c41c  __mspabi_slli_9               
0000c318  __mspabi_srli                 
0000c35e  __mspabi_srli_1               
0000c33a  __mspabi_srli_10              
0000c336  __mspabi_srli_11              
0000c332  __mspabi_srli_12              
0000c32e  __mspabi_srli_13              
0000c32a  __mspabi_srli_14              
0000c326  __mspabi_srli_15              
0000c35a  __mspabi_srli_2               
0000c356  __mspabi_srli_3               
0000c352  __mspabi_srli_4               
0000c34e  __mspabi_srli_5               
0000c34a  __mspabi_srli_6               
0000c346  __mspabi_srli_7               
0000c342  __mspabi_srli_8               
0000c33e  __mspabi_srli_9               
0000c4be  _c_int00_noargs               
0000fffe  _reset_vector                 
000003b0  _stack                        
0000c55e  _system_post_cinit            
0000c55a  _system_pre_init              
0000c554  abort                         
0000021a  button_input                  
0000021c  byteSent                      
0000020e  byteToTransmit                
0000c166  check_buttons                 
00000200  chord                         
0000c456  init_buttons                  
0000c49e  init_pwm                      
0000c1de  main                          
0000c500  memcpy                        
00000202  mode                          
0000c2bc  next_note                     
00000204  note                          
00000206  period1                       
00000208  period2                       
0000020a  period3                       
0000020c  period4                       
0000c000  set_chord                     
0000c3d6  set_mode                      
0000c3a6  set_note_outs                 
00000210  str                           
0000c522  strcpy                        
00000218  tempo_flag                    


GLOBAL SYMBOLS: SORTED BY Symbol Address 

address   name                          
-------   ----                          
00000000  IE1                           
00000001  IE2                           
00000002  IFG1                          
00000003  IFG2                          
00000010  P3REN                         
00000018  P3IN                          
00000019  P3OUT                         
0000001a  P3DIR                         
0000001b  P3SEL                         
00000020  P1IN                          
00000021  P1OUT                         
00000022  P1DIR                         
00000023  P1IFG                         
00000024  P1IES                         
00000025  P1IE                          
00000026  P1SEL                         
00000027  P1REN                         
00000028  P2IN                          
00000029  P2OUT                         
0000002a  P2DIR                         
0000002b  P2IFG                         
0000002c  P2IES                         
0000002d  P2IE                          
0000002e  P2SEL                         
0000002f  P2REN                         
00000041  P1SEL2                        
00000042  P2SEL2                        
00000043  P3SEL2                        
00000048  ADC10DTC0                     
00000049  ADC10DTC1                     
0000004a  ADC10AE0                      
00000050  __STACK_SIZE                  
00000053  BCSCTL3                       
00000056  DCOCTL                        
00000057  BCSCTL1                       
00000058  BCSCTL2                       
00000059  CACTL1                        
0000005a  CACTL2                        
0000005b  CAPD                          
0000005d  UCA0ABCTL                     
0000005e  UCA0IRTCTL                    
0000005f  UCA0IRRCTL                    
00000060  UCA0CTL0                      
00000061  UCA0CTL1                      
00000062  UCA0BR0                       
00000063  UCA0BR1                       
00000064  UCA0MCTL                      
00000065  UCA0STAT                      
00000066  UCA0RXBUF                     
00000067  UCA0TXBUF                     
00000068  UCB0CTL0                      
00000069  UCB0CTL1                      
0000006a  UCB0BR0                       
0000006b  UCB0BR1                       
0000006c  UCB0I2CIE                     
0000006d  UCB0STAT                      
0000006e  UCB0RXBUF                     
0000006f  UCB0TXBUF                     
00000118  UCB0I2COA                     
0000011a  UCB0I2CSA                     
0000011e  TA1IV                         
00000120  WDTCTL                        
00000128  FCTL1                         
0000012a  FCTL2                         
0000012c  FCTL3                         
0000012e  TA0IV                         
00000160  TA0CTL                        
00000162  TA0CCTL0                      
00000164  TA0CCTL1                      
00000166  TA0CCTL2                      
00000170  TA0R                          
00000172  TA0CCR0                       
00000174  TA0CCR1                       
00000176  TA0CCR2                       
00000180  TA1CTL                        
00000182  TA1CCTL0                      
00000184  TA1CCTL1                      
00000186  TA1CCTL2                      
00000190  TA1R                          
00000192  TA1CCR0                       
00000194  TA1CCR1                       
00000196  TA1CCR2                       
000001b0  ADC10CTL0                     
000001b2  ADC10CTL1                     
000001b4  ADC10MEM                      
000001bc  ADC10SA                       
00000200  chord                         
00000202  mode                          
00000204  note                          
00000206  period1                       
00000208  period2                       
0000020a  period3                       
0000020c  period4                       
0000020e  byteToTransmit                
00000210  str                           
00000218  tempo_flag                    
0000021a  button_input                  
0000021c  byteSent                      
000003b0  _stack                        
00000400  __STACK_END                   
000010c0  TLV_CHECKSUM                  
000010da  TLV_ADC10_1_TAG               
000010db  TLV_ADC10_1_LEN               
000010f6  TLV_DCO_30_TAG                
000010f7  TLV_DCO_30_LEN                
000010f8  CALDCO_16MHZ                  
000010f9  CALBC1_16MHZ                  
000010fa  CALDCO_12MHZ                  
000010fb  CALBC1_12MHZ                  
000010fc  CALDCO_8MHZ                   
000010fd  CALBC1_8MHZ                   
000010fe  CALDCO_1MHZ                   
000010ff  CALBC1_1MHZ                   
0000c000  set_chord                     
0000c0ea  __TI_decompress_lzss          
0000c166  check_buttons                 
0000c1de  main                          
0000c254  PORT1_ISR                     
0000c2bc  next_note                     
0000c318  __mspabi_srli                 
0000c326  __mspabi_srli_15              
0000c32a  __mspabi_srli_14              
0000c32e  __mspabi_srli_13              
0000c332  __mspabi_srli_12              
0000c336  __mspabi_srli_11              
0000c33a  __mspabi_srli_10              
0000c33e  __mspabi_srli_9               
0000c342  __mspabi_srli_8               
0000c346  __mspabi_srli_7               
0000c34a  __mspabi_srli_6               
0000c34e  __mspabi_srli_5               
0000c352  __mspabi_srli_4               
0000c356  __mspabi_srli_3               
0000c35a  __mspabi_srli_2               
0000c35e  __mspabi_srli_1               
0000c364  __TI_auto_init_nobinit_nopinit
0000c3a6  set_note_outs                 
0000c3d6  set_mode                      
0000c404  __mspabi_slli                 
0000c410  __mspabi_slli_15              
0000c412  __mspabi_slli_14              
0000c414  __mspabi_slli_13              
0000c416  __mspabi_slli_12              
0000c418  __mspabi_slli_11              
0000c41a  __mspabi_slli_10              
0000c41c  __mspabi_slli_9               
0000c41e  __mspabi_slli_8               
0000c420  __mspabi_slli_7               
0000c422  __mspabi_slli_6               
0000c424  __mspabi_slli_5               
0000c426  __mspabi_slli_4               
0000c428  __mspabi_slli_3               
0000c42a  __mspabi_slli_2               
0000c42c  __mspabi_slli_1               
0000c430  TIMER1_A1_ISR                 
0000c456  init_buttons                  
0000c47c  USCIAB0TX_ISR                 
0000c49e  init_pwm                      
0000c4be  _c_int00_noargs               
0000c4da  __TI_zero_init_nomemset       
0000c4ee  __TI_decompress_none          
0000c500  memcpy                        
0000c512  __mspabi_func_epilog_7        
0000c514  __mspabi_func_epilog_6        
0000c516  __mspabi_func_epilog_5        
0000c518  __mspabi_func_epilog_4        
0000c51a  __mspabi_func_epilog_3        
0000c51c  __mspabi_func_epilog_2        
0000c51e  __mspabi_func_epilog_1        
0000c522  strcpy                        
0000c532  TIMER1_A0_ISR                 
0000c540  TIMER0_A0_ISR                 
0000c54c  __TI_ISR_TRAP                 
0000c554  C$$EXIT                       
0000c554  abort                         
0000c55a  _system_pre_init              
0000c55e  _system_post_cinit            
0000c584  __TI_Handler_Table_Base       
0000c58a  __TI_Handler_Table_Limit      
0000c58e  __TI_CINIT_Base               
0000c596  __TI_CINIT_Limit              
0000c596  __TI_CINIT_Warm               
0000ffe0  __TI_int00                    
0000ffe4  __TI_int02                    
0000ffe6  __TI_int03                    
0000ffea  __TI_int05                    
0000ffec  __TI_int06                    
0000ffee  __TI_int07                    
0000fff0  __TI_int08                    
0000fff2  __TI_int09                    
0000fff4  __TI_int10                    
0000fff6  __TI_int11                    
0000fff8  __TI_int12                    
0000fffa  __TI_int13                    
0000fffc  __TI_int14                    
0000fffe  _reset_vector                 
ffffffff  __TI_pprof_out_hndl           
ffffffff  __TI_prof_data_size           
ffffffff  __TI_prof_data_start          
ffffffff  __c_args__                    

[200 symbols]
